100000001 33
100000002 33
100000003 33
100000004 33
100000005 33
100000006 33
100000007 33
100000008 33
100000009 33
100000010 33
100000011 33
